---
source: tests/cli_no_configuration.rs
info:
  program: git-versioner
  args: []
---
success: true
exit_code: 0
----- stdout -----
{
  "Major": 0,
  "Minor": 1,
  "Patch": 0,
  "PreReleaseTag": "",
  "PreReleaseTagWithDash": "",
  "PreReleaseLabel": "",
  "PreReleaseLabelWithDash": "",
  "PreReleaseNumber": 0,
  "WeightedPreReleaseNumber": 60000,
  "BuildMetadata": "",
  "FullBuildMetaData": "",
  "MajorMinorPatch": "0.1.0",
  "SemVer": "0.1.0",
  "AssemblySemVer": "0.1.0.0",
  "AssemblySemFileVer": "0.1.0.60000",
  "InformationalVersion": "0.1.0",
  "FullSemVer": "0.1.0",
  "BranchName": "release/0.1.0",
  "EscapedBranchName": "release-0-1-0",
  "Sha": "########################################",
  "ShortSha": "#######",
  "VersionSourceSha": "########################################",
  "CommitsSinceVersionSource": 0,
  "CommitDate": "####-##-##",
  "UncommittedChanges": 0
}

----- stderr -----
